
Lenovo@LAPTOP-TTSB89CS MINGW64 ~/Desktop/git_intro
$ git status
fatal: not a git repository (or any of the parent directories): .git

Lenovo@LAPTOP-TTSB89CS MINGW64 ~/Desktop/git_intro
$ git init
Initialized empty Git repository in C:/Users/Lenovo/Desktop/git_intro/.git/

Lenovo@LAPTOP-TTSB89CS MINGW64 ~/Desktop/git_intro (master)
$ git status
On branch master

No commits yet

nothing to commit (create/copy files and use "git add" to track)

Lenovo@LAPTOP-TTSB89CS MINGW64 ~/Desktop/git_intro (master)
$ touch testfile.txt

Lenovo@LAPTOP-TTSB89CS MINGW64 ~/Desktop/git_intro (master)
$ git status
On branch master

No commits yet

Untracked files:
  (use "git add <file>..." to include in what will be committed)
        testfile.txt

nothing added to commit but untracked files present (use "git add" to track)

Lenovo@LAPTOP-TTSB89CS MINGW64 ~/Desktop/git_intro (master)
$ git add .

Lenovo@LAPTOP-TTSB89CS MINGW64 ~/Desktop/git_intro (master)
$ git status
On branch master

No commits yet

Changes to be committed:
  (use "git rm --cached <file>..." to unstage)
        new file:   testfile.txt


Lenovo@LAPTOP-TTSB89CS MINGW64 ~/Desktop/git_intro (master)
$ git commit -m "testfile added"
Author identity unknown

*** Please tell me who you are.

Run

  git config --global user.email "you@example.com"
  git config --global user.name "Your Name"

to set your account's default identity.
Omit --global to set the identity only in this repository.

fatal: unable to auto-detect email address (got 'Lenovo@LAPTOP-TTSB89CS.(none)')

Lenovo@LAPTOP-TTSB89CS MINGW64 ~/Desktop/git_intro (master)
$ git config --global user.email "gdgourshete@apsit.edu.in"

Lenovo@LAPTOP-TTSB89CS MINGW64 ~/Desktop/git_intro (master)
$ git config --global user.name "gdgourshete"

Lenovo@LAPTOP-TTSB89CS MINGW64 ~/Desktop/git_intro (master)
$ git ststus
git: 'ststus' is not a git command. See 'git --help'.

The most similar command is
        status

Lenovo@LAPTOP-TTSB89CS MINGW64 ~/Desktop/git_intro (master)
$ git status
On branch master

No commits yet

Changes to be committed:
  (use "git rm --cached <file>..." to unstage)
        new file:   testfile.txt


Lenovo@LAPTOP-TTSB89CS MINGW64 ~/Desktop/git_intro (master)
$ git commit -m "test file added"
[master (root-commit) 7496b78] test file added
 1 file changed, 0 insertions(+), 0 deletions(-)
 create mode 100644 testfile.txt

Lenovo@LAPTOP-TTSB89CS MINGW64 ~/Desktop/git_intro (master)
$ git status
On branch master
nothing to commit, working tree clean

Lenovo@LAPTOP-TTSB89CS MINGW64 ~/Desktop/git_intro (master)
$ git remote add origin https://github.com/gdgourshete/git_intro.git
bash: $'\302\226git': command not found

Lenovo@LAPTOP-TTSB89CS MINGW64 ~/Desktop/git_intro (master)
$git remote add origin https://github.com/gdgourshete/git_intro.git

Lenovo@LAPTOP-TTSB89CS MINGW64 ~/Desktop/git_intro (master)
$ git branch
* master

Lenovo@LAPTOP-TTSB89CS MINGW64 ~/Desktop/git_intro (master)
$ git push origin master
Enumerating objects: 3, done.
Counting objects: 100% (3/3), done.
Writing objects: 100% (3/3), 215 bytes | 107.00 KiB/s, done.
Total 3 (delta 0), reused 0 (delta 0), pack-reused 0
To https://github.com/gdgourshete/git_intro.git
 * [new branch]      master -> master

Lenovo@LAPTOP-TTSB89CS MINGW64 ~/Desktop/git_intro (master)
$ ^C

Lenovo@LAPTOP-TTSB89CS MINGW64 ~/Desktop/git_intro (master)
$
